<html>
<body>
<pre>
<h1>µVision Build Log</h1>
<h2>Tool Versions:</h2>
IDE-Version: µVision V5.21.1.0
Copyright (C) 2016 ARM Ltd and ARM Germany GmbH. All rights reserved.
License Information: Amrik Sadhra, University of York, LIC=----
 
Tool Versions:
Toolchain:       MDK-Lite  Version: 5.21a
Toolchain Path:  C:\Keil_v5\ARM\ARMCC\Bin
C Compiler:      Armcc.exe V5.06 update 3 (build 300)
Assembler:       Armasm.exe V5.06 update 3 (build 300)
Linker/Locator:  ArmLink.exe V5.06 update 3 (build 300)
Library Manager: ArmAr.exe V5.06 update 3 (build 300)
Hex Converter:   FromElf.exe V5.06 update 3 (build 300)
CPU DLL:         SARMCM3.DLL V5.21a
Dialog DLL:      DARMSTM.DLL V1.66.0.1
Target DLL:      STLink\ST-LINKIII-KEIL_SWO.dll V2.0.18.0
Dialog DLL:      TARMSTM.DLL V1.65.0.0
 
<h2>Project:</h2>
C:\Users\Amrik\Development\PMC_BIOS_READ\PMC_BIOS_READ.uvproj
Project File Date:  10/02/2016

<h2>Output:</h2>
*** Using Compiler 'V5.06 update 3 (build 300)', folder: 'C:\Keil_v5\ARM\ARMCC\Bin'
Build target 'PMC_BIOS_READ'
compiling stm32f10x_it.c...
compiling delayNS.c...
compiling main.c...
compiling retarget.c...
compiling loopback.c...
compiling STM32vldiscovery.c...
linking...
Program Size: Code=2056 RO-data=320 RW-data=8 ZI-data=1024  
".\Debug\PMC_BIOS_READ.axf" - 0 Error(s), 0 Warning(s).
Build Time Elapsed:  00:00:00
</pre>
</body>
</html>
